abdulmalik@abdulmalik-virtual-machine:~$ locale
LANG=en_US.UTF-8
LANGUAGE=
LC_CTYPE="en_US.UTF-8"
LC_NUMERIC=ar_SA.UTF-8
LC_TIME=ar_SA.UTF-8
LC_COLLATE="en_US.UTF-8"
LC_MONETARY=ar_SA.UTF-8
LC_MESSAGES="en_US.UTF-8"
LC_PAPER=ar_SA.UTF-8
LC_NAME=ar_SA.UTF-8
LC_ADDRESS=ar_SA.UTF-8
LC_TELEPHONE=ar_SA.UTF-8
LC_MEASUREMENT=ar_SA.UTF-8
LC_IDENTIFICATION=ar_SA.UTF-8
LC_ALL=
abdulmalik@abdulmalik-virtual-machine:~$ apt-cache policy | grep universe
 500 http://security.ubuntu.com/ubuntu focal-security/universe i386 Packages
     release v=20.04,o=Ubuntu,a=focal-security,n=focal,l=Ubuntu,c=universe,b=i386
 500 http://security.ubuntu.com/ubuntu focal-security/universe amd64 Packages
     release v=20.04,o=Ubuntu,a=focal-security,n=focal,l=Ubuntu,c=universe,b=amd64
 100 http://sa.archive.ubuntu.com/ubuntu focal-backports/universe i386 Packages
     release v=20.04,o=Ubuntu,a=focal-backports,n=focal,l=Ubuntu,c=universe,b=i386
 100 http://sa.archive.ubuntu.com/ubuntu focal-backports/universe amd64 Packages
     release v=20.04,o=Ubuntu,a=focal-backports,n=focal,l=Ubuntu,c=universe,b=amd64
 500 http://sa.archive.ubuntu.com/ubuntu focal-updates/universe i386 Packages
     release v=20.04,o=Ubuntu,a=focal-updates,n=focal,l=Ubuntu,c=universe,b=i386
 500 http://sa.archive.ubuntu.com/ubuntu focal-updates/universe amd64 Packages
     release v=20.04,o=Ubuntu,a=focal-updates,n=focal,l=Ubuntu,c=universe,b=amd64
 500 http://sa.archive.ubuntu.com/ubuntu focal/universe i386 Packages
     release v=20.04,o=Ubuntu,a=focal,n=focal,l=Ubuntu,c=universe,b=i386
 500 http://sa.archive.ubuntu.com/ubuntu focal/universe amd64 Packages
     release v=20.04,o=Ubuntu,a=focal,n=focal,l=Ubuntu,c=universe,b=amd64
abdulmalik@abdulmalik-virtual-machine:~$ sudo apt update
[sudo] password for abdulmalik:
Hit:1 http://security.ubuntu.com/ubuntu focal-security InRelease
Hit:2 http://sa.archive.ubuntu.com/ubuntu focal InRelease
Hit:3 http://sa.archive.ubuntu.com/ubuntu focal-updates InRelease
Hit:4 http://sa.archive.ubuntu.com/ubuntu focal-backports InRelease
Hit:5 http://packages.ros.org/ros2/ubuntu focal InRelease
Get:6 http://packages.ros.org/ros/ubuntu focal InRelease [4676 B]
Err:6 http://packages.ros.org/ros/ubuntu focal InRelease
  The following signatures couldn't be verified because the public key is not available: NO_PUBKEY F42ED6FBAB17C654
Reading package lists... Done
W: GPG error: http://packages.ros.org/ros/ubuntu focal InRelease: The following signatures couldn't be verified because the public key is not available: NO_PUBKEY F42ED6FBAB17C654
E: The repository 'http://packages.ros.org/ros/ubuntu focal InRelease' is not signed.
N: Updating from such a repository can't be done securely, and is therefore disabled by default.
N: See apt-secure(8) manpage for repository creation and user configuration details.
abdulmalik@abdulmalik-virtual-machine:~$ sudo apt install software-properties-common
Reading package lists... Done
Building dependency tree      
Reading state information... Done
software-properties-common is already the newest version (0.99.9.8).
software-properties-common set to manually installed.
The following packages were automatically installed and are no longer required:
  chromium-codecs-ffmpeg-extra gstreamer1.0-vaapi libfwupdplugin1
  libgstreamer-plugins-bad1.0-0 libva-wayland2
Use 'sudo apt autoremove' to remove them.
0 upgraded, 0 newly installed, 0 to remove and 53 not upgraded.
abdulmalik@abdulmalik-virtual-machine:~$ sudo add-apt-repository universe
'universe' distribution component is already enabled for all sources.
abdulmalik@abdulmalik-virtual-machine:~$ sudo add-apt-repository universe
'universe' distribution component is already enabled for all sources.
abdulmalik@abdulmalik-virtual-machine:~$ sudo apt update && sudo apt install curl gnupg2 lsb-release
Hit:1 http://sa.archive.ubuntu.com/ubuntu focal InRelease                      
Hit:2 http://security.ubuntu.com/ubuntu focal-security InRelease              
Hit:3 http://sa.archive.ubuntu.com/ubuntu focal-updates InRelease  
Hit:4 http://packages.ros.org/ros2/ubuntu focal InRelease
Hit:5 http://sa.archive.ubuntu.com/ubuntu focal-backports InRelease
Get:6 http://packages.ros.org/ros/ubuntu focal InRelease [4676 B]
Err:6 http://packages.ros.org/ros/ubuntu focal InRelease
  The following signatures couldn't be verified because the public key is not available: NO_PUBKEY F42ED6FBAB17C654
Reading package lists... Done
W: GPG error: http://packages.ros.org/ros/ubuntu focal InRelease: The following signatures couldn't be verified because the public key is not available: NO_PUBKEY F42ED6FBAB17C654
E: The repository 'http://packages.ros.org/ros/ubuntu focal InRelease' is not signed.
N: Updating from such a repository can't be done securely, and is therefore disabled by default.
N: See apt-secure(8) manpage for repository creation and user configuration details.
abdulmalik@abdulmalik-virtual-machine:~$ sudo curl -sSL https://raw.githubusercontent.com/ros/rosdistro/master/ros.key  -o /usr/share/keyrings/ros-archive-keyring.gpg


abdulmalik@abdulmalik-virtual-machine:~$
abdulmalik@abdulmalik-virtual-machine:~$
abdulmalik@abdulmalik-virtual-machine:~$ echo "deb [arch=$(dpkg --print-architecture) signed-by=/usr/share/keyrings/ros-archive-keyring.gpg] http://packages.ros.org/ros2/ubuntu $(source /etc/os-release && echo $UBUNTU_CODENAME) main" | sudo tee /etc/apt/sources.list.d/ros2.list > /dev/null
abdulmalik@abdulmalik-virtual-machine:~$ sudo apt update
Hit:1 http://security.ubuntu.com/ubuntu focal-security InRelease
Hit:2 http://sa.archive.ubuntu.com/ubuntu focal InRelease                          
Hit:3 http://sa.archive.ubuntu.com/ubuntu focal-updates InRelease      
Hit:4 http://sa.archive.ubuntu.com/ubuntu focal-backports InRelease
Hit:5 http://packages.ros.org/ros2/ubuntu focal InRelease
Get:6 http://packages.ros.org/ros/ubuntu focal InRelease [4676 B]
Err:6 http://packages.ros.org/ros/ubuntu focal InRelease
  The following signatures couldn't be verified because the public key is not available: NO_PUBKEY F42ED6FBAB17C654
Reading package lists... Done
W: GPG error: http://packages.ros.org/ros/ubuntu focal InRelease: The following signatures couldn't be verified because the public key is not available: NO_PUBKEY F42ED6FBAB17C654
E: The repository 'http://packages.ros.org/ros/ubuntu focal InRelease' is not signed.
N: Updating from such a repository can't be done securely, and is therefore disabled by default.
N: See apt-secure(8) manpage for repository creation and user configuration details.
abdulmalik@abdulmalik-virtual-machine:~$ sudo apt upgrade
Reading package lists... Done
Building dependency tree      
Reading state information... Done
Calculating upgrade... Done
The following packages were automatically installed and are no longer required:
  chromium-codecs-ffmpeg-extra gstreamer1.0-vaapi libfwupdplugin1
  libgstreamer-plugins-bad1.0-0 libva-wayland2
Use 'sudo apt autoremove' to remove them.
The following NEW packages will be installed:
  linux-headers-5.15.0-46-generic linux-hwe-5.15-headers-5.15.0-46
  linux-image-5.15.0-46-generic linux-modules-5.15.0-46-generic
  linux-modules-extra-5.15.0-46-generic
The following packages will be upgraded:
  base-files firefox firefox-locale-en gir1.2-gdkpixbuf-2.0
  gir1.2-gst-plugins-base-1.0 gir1.2-gstreamer-1.0 gir1.2-javascriptcoregtk-4.0
  gir1.2-webkit2-4.0 gstreamer1.0-alsa gstreamer1.0-gl gstreamer1.0-gtk3
  gstreamer1.0-plugins-base gstreamer1.0-plugins-base-apps
  gstreamer1.0-plugins-good gstreamer1.0-pulseaudio gstreamer1.0-tools
  gstreamer1.0-x language-pack-en language-pack-en-base language-pack-gnome-en
  language-pack-gnome-en-base libgdk-pixbuf2.0-0 libgdk-pixbuf2.0-bin
  libgdk-pixbuf2.0-common libgnutls30 libgstreamer-gl1.0-0
  libgstreamer-plugins-base1.0-0 libgstreamer-plugins-good1.0-0 libgstreamer1.0-0
  libjavascriptcoregtk-4.0-18 libpq-dev libpq5 libsnmp-base libsnmp35
  libwebkit2gtk-4.0-37 libxml2 libxml2-dev libxml2-utils libxslt1.1
  linux-generic-hwe-20.04 linux-headers-generic-hwe-20.04
  linux-image-generic-hwe-20.04 linux-libc-dev open-vm-tools open-vm-tools-desktop
  python-apt-common python3-apt python3-distupgrade rsync tracker-extract
  tracker-miner-fs ubuntu-release-upgrader-core ubuntu-release-upgrader-gtk
53 upgraded, 5 newly installed, 0 to remove and 0 not upgraded.
39 standard security updates
Need to get 2887 kB/198 MB of archives.
After this operation, 587 MB of additional disk space will be used.
Do you want to continue? [Y/n] y
Get:1 http://sa.archive.ubuntu.com/ubuntu focal-updates/main amd64 base-files amd64 11ubuntu5.6 [60.4 kB]
Get:2 http://sa.archive.ubuntu.com/ubuntu focal-updates/main amd64 language-pack-en all 1:20.04+20220818 [1904 B]
Get:3 http://sa.archive.ubuntu.com/ubuntu focal-updates/main amd64 language-pack-en-base all 1:20.04+20220818 [445 kB]
Get:4 http://sa.archive.ubuntu.com/ubuntu focal-updates/main amd64 language-pack-gnome-en all 1:20.04+20220818 [1924 B]
Get:5 http://sa.archive.ubuntu.com/ubuntu focal-updates/main amd64 language-pack-gnome-en-base all 1:20.04+20220818 [535 kB]
Get:6 http://sa.archive.ubuntu.com/ubuntu focal-updates/main amd64 python-apt-common all 2.0.0ubuntu0.20.04.8 [17.1 kB]
Get:7 http://sa.archive.ubuntu.com/ubuntu focal-updates/main amd64 python3-apt amd64 2.0.0ubuntu0.20.04.8 [154 kB]
Get:8 http://sa.archive.ubuntu.com/ubuntu focal-updates/main amd64 ubuntu-release-upgrader-gtk all 1:20.04.39 [9360 B]
Get:9 http://sa.archive.ubuntu.com/ubuntu focal-updates/main amd64 ubuntu-release-upgrader-core all 1:20.04.39 [24.4 kB]
Get:10 http://sa.archive.ubuntu.com/ubuntu focal-updates/main amd64 python3-distupgrade all 1:20.04.39 [104 kB]
Get:11 http://sa.archive.ubuntu.com/ubuntu focal-updates/main amd64 libsnmp-base all 5.8+dfsg-2ubuntu2.5 [206 kB]
Get:12 http://sa.archive.ubuntu.com/ubuntu focal-updates/main amd64 libsnmp35 amd64 5.8+dfsg-2ubuntu2.5 [980 kB]
Get:13 http://sa.archive.ubuntu.com/ubuntu focal-updates/main amd64 tracker-miner-fs amd64 2.3.3-2ubuntu0.20.04.1 [68.3 kB]
Get:14 http://sa.archive.ubuntu.com/ubuntu focal-updates/main amd64 tracker-extract amd64 2.3.3-2ubuntu0.20.04.1 [279 kB]
Fetched 2887 kB in 4s (774 kB/s)          
Extracting templates from packages: 100%
(Reading database ... 260401 files and directories currently installed.)
Preparing to unpack .../base-files_11ubuntu5.6_amd64.deb ...
Warning: Stopping motd-news.service, but it can still be activated by:
  motd-news.timer
Unpacking base-files (11ubuntu5.6) over (11ubuntu5.5) ...
Setting up base-files (11ubuntu5.6) ...
Installing new version of config file /etc/issue ...
Installing new version of config file /etc/issue.net ...
Installing new version of config file /etc/lsb-release ...
motd-news.service is a disabled or a static unit, not starting it.
(Reading database ... 260401 files and directories currently installed.)
Preparing to unpack .../0-rsync_3.1.3-8ubuntu0.4_amd64.deb ...
Unpacking rsync (3.1.3-8ubuntu0.4) over (3.1.3-8ubuntu0.3) ...
Preparing to unpack .../1-language-pack-en_1%3a20.04+20220818_all.deb ...
Unpacking language-pack-en (1:20.04+20220818) over (1:20.04+20220211) ...
Preparing to unpack .../2-language-pack-en-base_1%3a20.04+20220818_all.deb ...
Unpacking language-pack-en-base (1:20.04+20220818) over (1:20.04+20220211) ...
Preparing to unpack .../3-language-pack-gnome-en_1%3a20.04+20220818_all.deb ...
Unpacking language-pack-gnome-en (1:20.04+20220818) over (1:20.04+20220211) ...
Preparing to unpack .../4-language-pack-gnome-en-base_1%3a20.04+20220818_all.deb ...
Unpacking language-pack-gnome-en-base (1:20.04+20220818) over (1:20.04+20220211) ...
Preparing to unpack .../5-open-vm-tools_2%3a11.3.0-2ubuntu0~ubuntu20.04.3_amd64.deb
...
Unpacking open-vm-tools (2:11.3.0-2ubuntu0~ubuntu20.04.3) over (2:11.3.0-2ubuntu0~ub
untu20.04.2) ...
Preparing to unpack .../6-open-vm-tools-desktop_2%3a11.3.0-2ubuntu0~ubuntu20.04.3_am
d64.deb ...
Unpacking open-vm-tools-desktop (2:11.3.0-2ubuntu0~ubuntu20.04.3) over (2:11.3.0-2ub
untu0~ubuntu20.04.2) ...
Preparing to unpack .../7-libxml2-dev_2.9.10+dfsg-5ubuntu0.20.04.4_amd64.deb ...
Unpacking libxml2-dev:amd64 (2.9.10+dfsg-5ubuntu0.20.04.4) over (2.9.10+dfsg-5ubuntu
0.20.04.3) ...
Preparing to unpack .../8-libxml2_2.9.10+dfsg-5ubuntu0.20.04.4_amd64.deb ...
Unpacking libxml2:amd64 (2.9.10+dfsg-5ubuntu0.20.04.4) over (2.9.10+dfsg-5ubuntu0.20
.04.3) ...
Preparing to unpack .../9-libgnutls30_3.6.13-2ubuntu1.7_amd64.deb ...
Unpacking libgnutls30:amd64 (3.6.13-2ubuntu1.7) over (3.6.13-2ubuntu1.6) ...
Setting up libgnutls30:amd64 (3.6.13-2ubuntu1.7) ...
(Reading database ... 260434 files and directories currently installed.)
Preparing to unpack .../00-python-apt-common_2.0.0ubuntu0.20.04.8_all.deb ...
Unpacking python-apt-common (2.0.0ubuntu0.20.04.8) over (2.0.0ubuntu0.20.04.7) ...
Preparing to unpack .../01-python3-apt_2.0.0ubuntu0.20.04.8_amd64.deb ...
Unpacking python3-apt (2.0.0ubuntu0.20.04.8) over (2.0.0ubuntu0.20.04.7) ...
Preparing to unpack .../02-libgdk-pixbuf2.0-0_2.40.0+dfsg-3ubuntu0.3_amd64.deb ...
Unpacking libgdk-pixbuf2.0-0:amd64 (2.40.0+dfsg-3ubuntu0.3) over (2.40.0+dfsg-3ubunt
u0.2) ...
Preparing to unpack .../03-libgdk-pixbuf2.0-common_2.40.0+dfsg-3ubuntu0.3_all.deb ..
.
Unpacking libgdk-pixbuf2.0-common (2.40.0+dfsg-3ubuntu0.3) over (2.40.0+dfsg-3ubuntu
0.2) ...
Preparing to unpack .../04-libgstreamer1.0-0_1.16.3-0ubuntu1.1_amd64.deb ...
Unpacking libgstreamer1.0-0:amd64 (1.16.3-0ubuntu1.1) over (1.16.3-0ubuntu1) ...
Preparing to unpack .../05-libgstreamer-plugins-base1.0-0_1.16.3-0ubuntu1.1_amd64.de
b ...
Unpacking libgstreamer-plugins-base1.0-0:amd64 (1.16.3-0ubuntu1.1) over (1.16.3-0ubu
ntu1) ...
Preparing to unpack .../06-libgstreamer-gl1.0-0_1.16.3-0ubuntu1.1_amd64.deb ...
Unpacking libgstreamer-gl1.0-0:amd64 (1.16.3-0ubuntu1.1) over (1.16.3-0ubuntu1) ...
Preparing to unpack .../07-libxslt1.1_1.1.34-4ubuntu0.20.04.1_amd64.deb ...
Unpacking libxslt1.1:amd64 (1.1.34-4ubuntu0.20.04.1) over (1.1.34-4) ...
Preparing to unpack .../08-libwebkit2gtk-4.0-37_2.36.6-0ubuntu0.20.04.1_amd64.deb ..
.
Unpacking libwebkit2gtk-4.0-37:amd64 (2.36.6-0ubuntu0.20.04.1) over (2.36.4-0ubuntu0
.20.04.1) ...
Preparing to unpack .../09-libjavascriptcoregtk-4.0-18_2.36.6-0ubuntu0.20.04.1_amd64
.deb ...
Unpacking libjavascriptcoregtk-4.0-18:amd64 (2.36.6-0ubuntu0.20.04.1) over (2.36.4-0
ubuntu0.20.04.1) ...
Preparing to unpack .../10-gir1.2-webkit2-4.0_2.36.6-0ubuntu0.20.04.1_amd64.deb ...
Unpacking gir1.2-webkit2-4.0:amd64 (2.36.6-0ubuntu0.20.04.1) over (2.36.4-0ubuntu0.2
0.04.1) ...
Preparing to unpack .../11-gir1.2-javascriptcoregtk-4.0_2.36.6-0ubuntu0.20.04.1_amd6
4.deb ...
Unpacking gir1.2-javascriptcoregtk-4.0:amd64 (2.36.6-0ubuntu0.20.04.1) over (2.36.4-
0ubuntu0.20.04.1) ...
Preparing to unpack .../12-ubuntu-release-upgrader-gtk_1%3a20.04.39_all.deb ...
Unpacking ubuntu-release-upgrader-gtk (1:20.04.39) over (1:20.04.38) ...
Preparing to unpack .../13-ubuntu-release-upgrader-core_1%3a20.04.39_all.deb ...
Unpacking ubuntu-release-upgrader-core (1:20.04.39) over (1:20.04.38) ...
Preparing to unpack .../14-python3-distupgrade_1%3a20.04.39_all.deb ...
Unpacking python3-distupgrade (1:20.04.39) over (1:20.04.38) ...
Preparing to unpack .../15-firefox_104.0+build3-0ubuntu0.20.04.1_amd64.deb ...
Unpacking firefox (104.0+build3-0ubuntu0.20.04.1) over (103.0+build1-0ubuntu0.20.04.
1) ...
Preparing to unpack .../16-firefox-locale-en_104.0+build3-0ubuntu0.20.04.1_amd64.deb
 ...
Unpacking firefox-locale-en (104.0+build3-0ubuntu0.20.04.1) over (103.0+build1-0ubun
tu0.20.04.1) ...
Preparing to unpack .../17-gir1.2-gdkpixbuf-2.0_2.40.0+dfsg-3ubuntu0.3_amd64.deb ...
Unpacking gir1.2-gdkpixbuf-2.0:amd64 (2.40.0+dfsg-3ubuntu0.3) over (2.40.0+dfsg-3ubu
ntu0.2) ...
Preparing to unpack .../18-gir1.2-gstreamer-1.0_1.16.3-0ubuntu1.1_amd64.deb ...
Unpacking gir1.2-gstreamer-1.0:amd64 (1.16.3-0ubuntu1.1) over (1.16.3-0ubuntu1) ...
Preparing to unpack .../19-gir1.2-gst-plugins-base-1.0_1.16.3-0ubuntu1.1_amd64.deb .
..
Unpacking gir1.2-gst-plugins-base-1.0:amd64 (1.16.3-0ubuntu1.1) over (1.16.3-0ubuntu
1) ...
Preparing to unpack .../20-gstreamer1.0-alsa_1.16.3-0ubuntu1.1_amd64.deb ...
Unpacking gstreamer1.0-alsa:amd64 (1.16.3-0ubuntu1.1) over (1.16.3-0ubuntu1) ...
Preparing to unpack .../21-gstreamer1.0-gl_1.16.3-0ubuntu1.1_amd64.deb ...
Unpacking gstreamer1.0-gl:amd64 (1.16.3-0ubuntu1.1) over (1.16.3-0ubuntu1) ...
Preparing to unpack .../22-gstreamer1.0-gtk3_1.16.3-0ubuntu1.1_amd64.deb ...
Unpacking gstreamer1.0-gtk3:amd64 (1.16.3-0ubuntu1.1) over (1.16.3-0ubuntu1) ...
Preparing to unpack .../23-gstreamer1.0-plugins-base_1.16.3-0ubuntu1.1_amd64.deb ...
Unpacking gstreamer1.0-plugins-base:amd64 (1.16.3-0ubuntu1.1) over (1.16.3-0ubuntu1)
 ...
Preparing to unpack .../24-gstreamer1.0-tools_1.16.3-0ubuntu1.1_amd64.deb ...
Unpacking gstreamer1.0-tools (1.16.3-0ubuntu1.1) over (1.16.3-0ubuntu1) ...
Preparing to unpack .../25-gstreamer1.0-plugins-base-apps_1.16.3-0ubuntu1.1_amd64.de
b ...
Unpacking gstreamer1.0-plugins-base-apps (1.16.3-0ubuntu1.1) over (1.16.3-0ubuntu1)
...
Preparing to unpack .../26-gstreamer1.0-plugins-good_1.16.3-0ubuntu1.1_amd64.deb ...
Unpacking gstreamer1.0-plugins-good:amd64 (1.16.3-0ubuntu1.1) over (1.16.3-0ubuntu1)
 ...
Preparing to unpack .../27-libgstreamer-plugins-good1.0-0_1.16.3-0ubuntu1.1_amd64.de
b ...
Unpacking libgstreamer-plugins-good1.0-0:amd64 (1.16.3-0ubuntu1.1) over (1.16.3-0ubu
ntu1) ...
Preparing to unpack .../28-gstreamer1.0-pulseaudio_1.16.3-0ubuntu1.1_amd64.deb ...
Unpacking gstreamer1.0-pulseaudio:amd64 (1.16.3-0ubuntu1.1) over (1.16.3-0ubuntu1) .
..
Preparing to unpack .../29-gstreamer1.0-x_1.16.3-0ubuntu1.1_amd64.deb ...
Unpacking gstreamer1.0-x:amd64 (1.16.3-0ubuntu1.1) over (1.16.3-0ubuntu1) ...
Preparing to unpack .../30-libgdk-pixbuf2.0-bin_2.40.0+dfsg-3ubuntu0.3_amd64.deb ...
Unpacking libgdk-pixbuf2.0-bin (2.40.0+dfsg-3ubuntu0.3) over (2.40.0+dfsg-3ubuntu0.2
) ...
Preparing to unpack .../31-libpq-dev_12.12-0ubuntu0.20.04.1_amd64.deb ...
Unpacking libpq-dev (12.12-0ubuntu0.20.04.1) over (12.11-0ubuntu0.20.04.1) ...
Preparing to unpack .../32-libpq5_12.12-0ubuntu0.20.04.1_amd64.deb ...
Unpacking libpq5:amd64 (12.12-0ubuntu0.20.04.1) over (12.11-0ubuntu0.20.04.1) ...
Preparing to unpack .../33-libsnmp-base_5.8+dfsg-2ubuntu2.5_all.deb ...
Unpacking libsnmp-base (5.8+dfsg-2ubuntu2.5) over (5.8+dfsg-2ubuntu2.4) ...
Preparing to unpack .../34-libsnmp35_5.8+dfsg-2ubuntu2.5_amd64.deb ...
Unpacking libsnmp35:amd64 (5.8+dfsg-2ubuntu2.5) over (5.8+dfsg-2ubuntu2.4) ...
Preparing to unpack .../35-libxml2-utils_2.9.10+dfsg-5ubuntu0.20.04.4_amd64.deb ...
Unpacking libxml2-utils (2.9.10+dfsg-5ubuntu0.20.04.4) over (2.9.10+dfsg-5ubuntu0.20
.04.3) ...
Selecting previously unselected package linux-modules-5.15.0-46-generic.
Preparing to unpack .../36-linux-modules-5.15.0-46-generic_5.15.0-46.49~20.04.1_amd6
4.deb ...
Unpacking linux-modules-5.15.0-46-generic (5.15.0-46.49~20.04.1) ...
Selecting previously unselected package linux-image-5.15.0-46-generic.
Preparing to unpack .../37-linux-image-5.15.0-46-generic_5.15.0-46.49~20.04.1_amd64.
deb ...
Unpacking linux-image-5.15.0-46-generic (5.15.0-46.49~20.04.1) ...
Selecting previously unselected package linux-modules-extra-5.15.0-46-generic.
Preparing to unpack .../38-linux-modules-extra-5.15.0-46-generic_5.15.0-46.49~20.04.
1_amd64.deb ...
Unpacking linux-modules-extra-5.15.0-46-generic (5.15.0-46.49~20.04.1) ...
Preparing to unpack .../39-linux-generic-hwe-20.04_5.15.0.46.49~20.04.16_amd64.deb .
..
Unpacking linux-generic-hwe-20.04 (5.15.0.46.49~20.04.16) over (5.15.0.43.46~20.04.1
4) ...
Preparing to unpack .../40-linux-image-generic-hwe-20.04_5.15.0.46.49~20.04.16_amd64
.deb ...
Unpacking linux-image-generic-hwe-20.04 (5.15.0.46.49~20.04.16) over (5.15.0.43.46~2
0.04.14) ...
Selecting previously unselected package linux-hwe-5.15-headers-5.15.0-46.
Preparing to unpack .../41-linux-hwe-5.15-headers-5.15.0-46_5.15.0-46.49~20.04.1_all
.deb ...
Unpacking linux-hwe-5.15-headers-5.15.0-46 (5.15.0-46.49~20.04.1) ...
Selecting previously unselected package linux-headers-5.15.0-46-generic.
Preparing to unpack .../42-linux-headers-5.15.0-46-generic_5.15.0-46.49~20.04.1_amd6
4.deb ...
Unpacking linux-headers-5.15.0-46-generic (5.15.0-46.49~20.04.1) ...
Preparing to unpack .../43-linux-headers-generic-hwe-20.04_5.15.0.46.49~20.04.16_amd
64.deb ...
Unpacking linux-headers-generic-hwe-20.04 (5.15.0.46.49~20.04.16) over (5.15.0.43.46
~20.04.14) ...
Preparing to unpack .../44-linux-libc-dev_5.4.0-125.141_amd64.deb ...
Unpacking linux-libc-dev:amd64 (5.4.0-125.141) over (5.4.0-122.138) ...
Preparing to unpack .../45-tracker-miner-fs_2.3.3-2ubuntu0.20.04.1_amd64.deb ...
Unpacking tracker-miner-fs (2.3.3-2ubuntu0.20.04.1) over (2.3.3-2) ...
Preparing to unpack .../46-tracker-extract_2.3.3-2ubuntu0.20.04.1_amd64.deb ...
Unpacking tracker-extract (2.3.3-2ubuntu0.20.04.1) over (2.3.3-2) ...
Setting up libsnmp-base (5.8+dfsg-2ubuntu2.5) ...
Setting up libgdk-pixbuf2.0-common (2.40.0+dfsg-3ubuntu0.3) ...
Setting up linux-hwe-5.15-headers-5.15.0-46 (5.15.0-46.49~20.04.1) ...
Setting up libpq5:amd64 (12.12-0ubuntu0.20.04.1) ...
Setting up libjavascriptcoregtk-4.0-18:amd64 (2.36.6-0ubuntu0.20.04.1) ...
Setting up linux-libc-dev:amd64 (5.4.0-125.141) ...
Setting up libpq-dev (12.12-0ubuntu0.20.04.1) ...
Setting up gir1.2-javascriptcoregtk-4.0:amd64 (2.36.6-0ubuntu0.20.04.1) ...
Setting up firefox-locale-en (104.0+build3-0ubuntu0.20.04.1) ...
Setting up libgdk-pixbuf2.0-0:amd64 (2.40.0+dfsg-3ubuntu0.3) ...
Setting up python-apt-common (2.0.0ubuntu0.20.04.8) ...
Setting up libgdk-pixbuf2.0-bin (2.40.0+dfsg-3ubuntu0.3) ...
Setting up linux-headers-5.15.0-46-generic (5.15.0-46.49~20.04.1) ...
Setting up libxml2:amd64 (2.9.10+dfsg-5ubuntu0.20.04.4) ...
Setting up libgstreamer1.0-0:amd64 (1.16.3-0ubuntu1.1) ...
Setcap worked! gst-ptp-helper is not suid!
Setting up rsync (3.1.3-8ubuntu0.4) ...
Setting up gir1.2-gstreamer-1.0:amd64 (1.16.3-0ubuntu1.1) ...
Setting up libsnmp35:amd64 (5.8+dfsg-2ubuntu2.5) ...
Setting up gir1.2-gdkpixbuf-2.0:amd64 (2.40.0+dfsg-3ubuntu0.3) ...
Setting up firefox (104.0+build3-0ubuntu0.20.04.1) ...
Installing new version of config file /etc/apparmor.d/usr.bin.firefox ...
Please restart all running instances of firefox, or you will experience problems.
Setting up python3-apt (2.0.0ubuntu0.20.04.8) ...
Setting up libgstreamer-plugins-base1.0-0:amd64 (1.16.3-0ubuntu1.1) ...
Setting up python3-distupgrade (1:20.04.39) ...
Setting up libxml2-dev:amd64 (2.9.10+dfsg-5ubuntu0.20.04.4) ...
Setting up libgstreamer-plugins-good1.0-0:amd64 (1.16.3-0ubuntu1.1) ...
Setting up libgstreamer-gl1.0-0:amd64 (1.16.3-0ubuntu1.1) ...
Setting up gstreamer1.0-plugins-base:amd64 (1.16.3-0ubuntu1.1) ...
Setting up linux-headers-generic-hwe-20.04 (5.15.0.46.49~20.04.16) ...
Setting up gstreamer1.0-tools (1.16.3-0ubuntu1.1) ...
Setting up ubuntu-release-upgrader-core (1:20.04.39) ...
Setting up open-vm-tools (2:11.3.0-2ubuntu0~ubuntu20.04.3) ...
Setting up libxslt1.1:amd64 (1.1.34-4ubuntu0.20.04.1) ...
Setting up gstreamer1.0-pulseaudio:amd64 (1.16.3-0ubuntu1.1) ...
Setting up gstreamer1.0-plugins-base-apps (1.16.3-0ubuntu1.1) ...
Setting up libxml2-utils (2.9.10+dfsg-5ubuntu0.20.04.4) ...
Setting up gstreamer1.0-gl:amd64 (1.16.3-0ubuntu1.1) ...
Setting up gstreamer1.0-x:amd64 (1.16.3-0ubuntu1.1) ...
Setting up gstreamer1.0-alsa:amd64 (1.16.3-0ubuntu1.1) ...
Setting up tracker-extract (2.3.3-2ubuntu0.20.04.1) ...
Setting up gstreamer1.0-plugins-good:amd64 (1.16.3-0ubuntu1.1) ...
Setting up gir1.2-gst-plugins-base-1.0:amd64 (1.16.3-0ubuntu1.1) ...
Setting up gstreamer1.0-gtk3:amd64 (1.16.3-0ubuntu1.1) ...
Setting up open-vm-tools-desktop (2:11.3.0-2ubuntu0~ubuntu20.04.3) ...
Setting up libwebkit2gtk-4.0-37:amd64 (2.36.6-0ubuntu0.20.04.1) ...
Setting up gir1.2-webkit2-4.0:amd64 (2.36.6-0ubuntu0.20.04.1) ...
Setting up ubuntu-release-upgrader-gtk (1:20.04.39) ...
Setting up linux-image-5.15.0-46-generic (5.15.0-46.49~20.04.1) ...
I: /boot/vmlinuz.old is now a symlink to vmlinuz-5.15.0-43-generic
I: /boot/initrd.img.old is now a symlink to initrd.img-5.15.0-43-generic
I: /boot/vmlinuz is now a symlink to vmlinuz-5.15.0-46-generic
I: /boot/initrd.img is now a symlink to initrd.img-5.15.0-46-generic
Setting up language-pack-en (1:20.04+20220818) ...
Setting up linux-modules-5.15.0-46-generic (5.15.0-46.49~20.04.1) ...
Setting up language-pack-gnome-en (1:20.04+20220818) ...
Setting up language-pack-en-base (1:20.04+20220818) ...
Generating locales (this might take a while)...
Generation complete.
Setting up linux-modules-extra-5.15.0-46-generic (5.15.0-46.49~20.04.1) ...
Setting up language-pack-gnome-en-base (1:20.04+20220818) ...
Setting up linux-image-generic-hwe-20.04 (5.15.0.46.49~20.04.16) ...
Setting up linux-generic-hwe-20.04 (5.15.0.46.49~20.04.16) ...
Processing triggers for install-info (6.7.0.dfsg.2-5) ...
Processing triggers for desktop-file-utils (0.24-1ubuntu3) ...
Processing triggers for mime-support (3.64ubuntu1) ...
Processing triggers for hicolor-icon-theme (0.17-2) ...
Processing triggers for gnome-menus (3.36.0-1ubuntu1) ...
Processing triggers for libglib2.0-0:amd64 (2.64.6-1~ubuntu20.04.4) ...
Processing triggers for libc-bin (2.31-0ubuntu9.9) ...
Processing triggers for systemd (245.4-4ubuntu3.17) ...
Processing triggers for man-db (2.9.1-1) ...
Setting up tracker-miner-fs (2.3.3-2ubuntu0.20.04.1) ...
Processing triggers for cracklib-runtime (2.9.6-3.2) ...
Processing triggers for plymouth-theme-ubuntu-text (0.9.4git20200323-0ubuntu6.2) ...
update-initramfs: deferring update (trigger activated)
Processing triggers for linux-image-5.15.0-46-generic (5.15.0-46.49~20.04.1) ...
/etc/kernel/postinst.d/initramfs-tools:
update-initramfs: Generating /boot/initrd.img-5.15.0-46-generic
/etc/kernel/postinst.d/zz-update-grub:
Sourcing file `/etc/default/grub'
Sourcing file `/etc/default/grub.d/init-select.cfg'
Generating grub configuration file ...
Found linux image: /boot/vmlinuz-5.15.0-46-generic
Found initrd image: /boot/initrd.img-5.15.0-46-generic
Found linux image: /boot/vmlinuz-5.15.0-43-generic
Found initrd image: /boot/initrd.img-5.15.0-43-generic
Found linux image: /boot/vmlinuz-5.13.0-30-generic
Found initrd image: /boot/initrd.img-5.13.0-30-generic
Found memtest86+ image: /boot/memtest86+.elf
Found memtest86+ image: /boot/memtest86+.bin
done
Processing triggers for initramfs-tools (0.136ubuntu6.7) ...
update-initramfs: Generating /boot/initrd.img-5.15.0-46-generic
abdulmalik@abdulmalik-virtual-machine:~$ sudo apt install ros-foxy-desktop
Reading package lists... Done
Building dependency tree      
Reading state information... Done
ros-foxy-desktop is already the newest version (0.9.2-1focal.20220209.170126).
The following packages were automatically installed and are no longer required:
  chromium-codecs-ffmpeg-extra gstreamer1.0-vaapi libfwupdplugin1
  libgstreamer-plugins-bad1.0-0 libva-wayland2 linux-headers-5.13.0-30-generic
  linux-hwe-5.13-headers-5.13.0-30 linux-image-5.13.0-30-generic
  linux-modules-5.13.0-30-generic linux-modules-extra-5.13.0-30-generic
Use 'sudo apt autoremove' to remove them.
0 upgraded, 0 newly installed, 0 to remove and 0 not upgraded.
abdulmalik@abdulmalik-virtual-machine:~$ sudo apt install ros-foxy-ros-base
Reading package lists... Done
Building dependency tree      
Reading state information... Done
ros-foxy-ros-base is already the newest version (0.9.2-1focal.20220209.163955).
ros-foxy-ros-base set to manually installed.
The following packages were automatically installed and are no longer required:
  chromium-codecs-ffmpeg-extra gstreamer1.0-vaapi libfwupdplugin1
  libgstreamer-plugins-bad1.0-0 libva-wayland2 linux-headers-5.13.0-30-generic
  linux-hwe-5.13-headers-5.13.0-30 linux-image-5.13.0-30-generic
  linux-modules-5.13.0-30-generic linux-modules-extra-5.13.0-30-generic
Use 'sudo apt autoremove' to remove them.
0 upgraded, 0 newly installed, 0 to remove and 0 not upgraded.
abdulmalik@abdulmalik-virtual-machine:~$ source /opt/ros/foxy/setup.bash
abdulmalik@abdulmalik-virtual-machine:~$ roscore

Command 'roscore' not found, but can be installed with:

sudo apt install python3-roslaunch

abdulmalik@abdulmalik-virtual-machine:~$ sudo apt install python3-roslaunch
Reading package lists... Done
Building dependency tree      
Reading state information... Done
The following packages were automatically installed and are no longer required:
  chromium-codecs-ffmpeg-extra gstreamer1.0-vaapi libfwupdplugin1
  libgstreamer-plugins-bad1.0-0 libva-wayland2 linux-headers-5.13.0-30-generic
  linux-hwe-5.13-headers-5.13.0-30 linux-image-5.13.0-30-generic
  linux-modules-5.13.0-30-generic linux-modules-extra-5.13.0-30-generic
Use 'sudo apt autoremove' to remove them.
The following additional packages will be installed:
  libapr1 libaprutil1 libb64-0d libcpp-common0d liblog4cxx10v5 librosconsole3d
  libroscpp-serialization0d libroscpp2d librostime0d libxmlrpcpp2d python3-catkin
  python3-crypto python3-defusedxml python3-genmsg python3-genpy python3-rosclean
  python3-rosgraph python3-rosgraph-msgs python3-roslib python3-rosmaster
  python3-rosparam python3-rospkg python3-std-msgs rosout
The following NEW packages will be installed:
  libapr1 libaprutil1 libb64-0d libcpp-common0d liblog4cxx10v5 librosconsole3d
  libroscpp-serialization0d libroscpp2d librostime0d libxmlrpcpp2d python3-catkin
  python3-crypto python3-defusedxml python3-genmsg python3-genpy python3-rosclean
  python3-rosgraph python3-rosgraph-msgs python3-roslaunch python3-roslib
  python3-rosmaster python3-rosparam python3-rospkg python3-std-msgs rosout
0 upgraded, 25 newly installed, 0 to remove and 0 not upgraded.
Need to get 1850 kB of archives.
After this operation, 8778 kB of additional disk space will be used.
Do you want to continue? [Y/n] y
Get:1 http://sa.archive.ubuntu.com/ubuntu focal/main amd64 libapr1 amd64 1.6.5-1ubuntu1 [91.4 kB]
Get:2 http://sa.archive.ubuntu.com/ubuntu focal/main amd64 libaprutil1 amd64 1.6.1-4ubuntu2 [84.7 kB]
Get:3 http://sa.archive.ubuntu.com/ubuntu focal/universe amd64 libb64-0d amd64 1.2-5 [9324 B]
Get:4 http://sa.archive.ubuntu.com/ubuntu focal/universe amd64 liblog4cxx10v5 amd64 0.10.0-15ubuntu2 [417 kB]
Get:5 http://packages.ros.org/ros2/ubuntu focal/main amd64 python3-rospkg all 1.4.0-100 [2404 B]
Get:6 http://sa.archive.ubuntu.com/ubuntu focal/universe amd64 librostime0d amd64 0.6.13-1build1 [38.2 kB]
Get:7 http://sa.archive.ubuntu.com/ubuntu focal/universe amd64 librosconsole3d amd64 1.13.11-3build4 [87.4 kB]
Get:8 http://sa.archive.ubuntu.com/ubuntu focal/universe amd64 libcpp-common0d amd64 0.6.13-1build1 [17.6 kB]
Get:9 http://sa.archive.ubuntu.com/ubuntu focal/universe amd64 libroscpp-serialization0d amd64 0.6.13-1build1 [5704 B]
Get:10 http://sa.archive.ubuntu.com/ubuntu focal/universe amd64 libxmlrpcpp2d amd64 1.14.3+ds1-11ubuntu5 [46.7 kB]
Get:11 http://sa.archive.ubuntu.com/ubuntu focal/universe amd64 libroscpp2d amd64 1.14.3+ds1-11ubuntu5 [467 kB]
Get:12 http://sa.archive.ubuntu.com/ubuntu focal/universe amd64 python3-catkin all 0.8.0-1ubuntu2 [21.7 kB]
Get:13 http://sa.archive.ubuntu.com/ubuntu focal/main amd64 python3-crypto amd64 2.6.1-13ubuntu2 [237 kB]
Get:14 http://sa.archive.ubuntu.com/ubuntu focal/main amd64 python3-defusedxml all 0.6.0-2 [37.0 kB]
Get:15 http://sa.archive.ubuntu.com/ubuntu focal/universe amd64 python3-genmsg all 0.5.14-1 [23.5 kB]
Get:16 http://sa.archive.ubuntu.com/ubuntu focal/universe amd64 python3-genpy all 0.6.9-4 [30.3 kB]
Get:17 http://sa.archive.ubuntu.com/ubuntu focal/universe amd64 python3-rosclean all 1.14.7-3build2 [9236 B]
Get:18 http://sa.archive.ubuntu.com/ubuntu focal/universe amd64 python3-rosgraph all 1.14.3+ds1-11ubuntu5 [29.2 kB]
Get:19 http://sa.archive.ubuntu.com/ubuntu focal/universe amd64 python3-std-msgs all 0.5.12-2 [10.7 kB]
Get:20 http://sa.archive.ubuntu.com/ubuntu focal/universe amd64 python3-rosgraph-msgs all 1.11.2-10 [7220 B]
Get:21 http://sa.archive.ubuntu.com/ubuntu focal/universe amd64 rosout amd64 1.14.3+ds1-11ubuntu5 [35.5 kB]
Get:22 http://sa.archive.ubuntu.com/ubuntu focal/universe amd64 python3-roslib all 1.14.7-3build2 [36.2 kB]
Get:23 http://sa.archive.ubuntu.com/ubuntu focal/universe amd64 python3-rosmaster all 1.14.3+ds1-11ubuntu5 [24.6 kB]
Get:24 http://sa.archive.ubuntu.com/ubuntu focal/universe amd64 python3-rosparam all 1.14.3+ds1-11ubuntu5 [9164 B]
Get:25 http://sa.archive.ubuntu.com/ubuntu focal/universe amd64 python3-roslaunch all 1.14.3+ds1-11ubuntu5 [71.5 kB]
Fetched 1850 kB in 3s (734 kB/s)            
Selecting previously unselected package libapr1:amd64.
(Reading database ... 295924 files and directories currently installed.)
Preparing to unpack .../00-libapr1_1.6.5-1ubuntu1_amd64.deb ...
Unpacking libapr1:amd64 (1.6.5-1ubuntu1) ...
Selecting previously unselected package libaprutil1:amd64.
Preparing to unpack .../01-libaprutil1_1.6.1-4ubuntu2_amd64.deb ...
Unpacking libaprutil1:amd64 (1.6.1-4ubuntu2) ...
Selecting previously unselected package libb64-0d:amd64.
Preparing to unpack .../02-libb64-0d_1.2-5_amd64.deb ...
Unpacking libb64-0d:amd64 (1.2-5) ...
Selecting previously unselected package liblog4cxx10v5:amd64.
Preparing to unpack .../03-liblog4cxx10v5_0.10.0-15ubuntu2_amd64.deb ...
Unpacking liblog4cxx10v5:amd64 (0.10.0-15ubuntu2) ...
Selecting previously unselected package librostime0d:amd64.
Preparing to unpack .../04-librostime0d_0.6.13-1build1_amd64.deb ...
Unpacking librostime0d:amd64 (0.6.13-1build1) ...
Selecting previously unselected package librosconsole3d:amd64.
Preparing to unpack .../05-librosconsole3d_1.13.11-3build4_amd64.deb ...
Unpacking librosconsole3d:amd64 (1.13.11-3build4) ...
Selecting previously unselected package libcpp-common0d:amd64.
Preparing to unpack .../06-libcpp-common0d_0.6.13-1build1_amd64.deb ...
Unpacking libcpp-common0d:amd64 (0.6.13-1build1) ...
Selecting previously unselected package libroscpp-serialization0d:amd64.
Preparing to unpack .../07-libroscpp-serialization0d_0.6.13-1build1_amd64.deb ...
Unpacking libroscpp-serialization0d:amd64 (0.6.13-1build1) ...
Selecting previously unselected package libxmlrpcpp2d:amd64.
Preparing to unpack .../08-libxmlrpcpp2d_1.14.3+ds1-11ubuntu5_amd64.deb ...
Unpacking libxmlrpcpp2d:amd64 (1.14.3+ds1-11ubuntu5) ...
Selecting previously unselected package libroscpp2d:amd64.
Preparing to unpack .../09-libroscpp2d_1.14.3+ds1-11ubuntu5_amd64.deb ...
Unpacking libroscpp2d:amd64 (1.14.3+ds1-11ubuntu5) ...
Selecting previously unselected package python3-catkin.
Preparing to unpack .../10-python3-catkin_0.8.0-1ubuntu2_all.deb ...
Unpacking python3-catkin (0.8.0-1ubuntu2) ...
Selecting previously unselected package python3-crypto.
Preparing to unpack .../11-python3-crypto_2.6.1-13ubuntu2_amd64.deb ...
Unpacking python3-crypto (2.6.1-13ubuntu2) ...
Selecting previously unselected package python3-defusedxml.
Preparing to unpack .../12-python3-defusedxml_0.6.0-2_all.deb ...
Unpacking python3-defusedxml (0.6.0-2) ...
Selecting previously unselected package python3-genmsg.
Preparing to unpack .../13-python3-genmsg_0.5.14-1_all.deb ...
Unpacking python3-genmsg (0.5.14-1) ...
Selecting previously unselected package python3-genpy.
Preparing to unpack .../14-python3-genpy_0.6.9-4_all.deb ...
Unpacking python3-genpy (0.6.9-4) ...
Selecting previously unselected package python3-rospkg.
Preparing to unpack .../15-python3-rospkg_1.4.0-100_all.deb ...
Unpacking python3-rospkg (1.4.0-100) ...
Selecting previously unselected package python3-rosclean.
Preparing to unpack .../16-python3-rosclean_1.14.7-3build2_all.deb ...
Unpacking python3-rosclean (1.14.7-3build2) ...
Selecting previously unselected package python3-rosgraph.
Preparing to unpack .../17-python3-rosgraph_1.14.3+ds1-11ubuntu5_all.deb ...
Unpacking python3-rosgraph (1.14.3+ds1-11ubuntu5) ...
Selecting previously unselected package python3-std-msgs.
Preparing to unpack .../18-python3-std-msgs_0.5.12-2_all.deb ...
Unpacking python3-std-msgs (0.5.12-2) ...
Selecting previously unselected package python3-rosgraph-msgs.
Preparing to unpack .../19-python3-rosgraph-msgs_1.11.2-10_all.deb ...
Unpacking python3-rosgraph-msgs (1.11.2-10) ...
Selecting previously unselected package rosout.
Preparing to unpack .../20-rosout_1.14.3+ds1-11ubuntu5_amd64.deb ...
Unpacking rosout (1.14.3+ds1-11ubuntu5) ...
Selecting previously unselected package python3-roslib.
Preparing to unpack .../21-python3-roslib_1.14.7-3build2_all.deb ...
Unpacking python3-roslib (1.14.7-3build2) ...
Selecting previously unselected package python3-rosmaster.
Preparing to unpack .../22-python3-rosmaster_1.14.3+ds1-11ubuntu5_all.deb ...
Unpacking python3-rosmaster (1.14.3+ds1-11ubuntu5) ...
Selecting previously unselected package python3-rosparam.
Preparing to unpack .../23-python3-rosparam_1.14.3+ds1-11ubuntu5_all.deb ...
Unpacking python3-rosparam (1.14.3+ds1-11ubuntu5) ...
Selecting previously unselected package python3-roslaunch.
Preparing to unpack .../24-python3-roslaunch_1.14.3+ds1-11ubuntu5_all.deb ...
Unpacking python3-roslaunch (1.14.3+ds1-11ubuntu5) ...
Setting up python3-genmsg (0.5.14-1) ...
Setting up python3-rospkg (1.4.0-100) ...
Setting up python3-defusedxml (0.6.0-2) ...
Setting up libapr1:amd64 (1.6.5-1ubuntu1) ...
Setting up libb64-0d:amd64 (1.2-5) ...
Setting up python3-rosclean (1.14.7-3build2) ...
Setting up libcpp-common0d:amd64 (0.6.13-1build1) ...
Setting up python3-rosgraph (1.14.3+ds1-11ubuntu5) ...
Setting up librostime0d:amd64 (0.6.13-1build1) ...
Setting up python3-rosparam (1.14.3+ds1-11ubuntu5) ...
Setting up python3-crypto (2.6.1-13ubuntu2) ...
Setting up python3-genpy (0.6.9-4) ...
Setting up python3-std-msgs (0.5.12-2) ...
Setting up libroscpp-serialization0d:amd64 (0.6.13-1build1) ...
Setting up libxmlrpcpp2d:amd64 (1.14.3+ds1-11ubuntu5) ...
Setting up python3-catkin (0.8.0-1ubuntu2) ...
Setting up libaprutil1:amd64 (1.6.1-4ubuntu2) ...
Setting up liblog4cxx10v5:amd64 (0.10.0-15ubuntu2) ...
Setting up python3-rosmaster (1.14.3+ds1-11ubuntu5) ...
Setting up librosconsole3d:amd64 (1.13.11-3build4) ...
Setting up libroscpp2d:amd64 (1.14.3+ds1-11ubuntu5) ...
Setting up python3-rosgraph-msgs (1.11.2-10) ...
Setting up python3-roslib (1.14.7-3build2) ...
Setting up rosout (1.14.3+ds1-11ubuntu5) ...
Setting up python3-roslaunch (1.14.3+ds1-11ubuntu5) ...
Processing triggers for libc-bin (2.31-0ubuntu9.9) ...
abdulmalik@abdulmalik-virtual-machine:~$ source /opt/ros/foxy/setup.bash
abdulmalik@abdulmalik-virtual-machine:~$ roscore
Traceback (most recent call last):
  File "/usr/bin/roscore", line 72, in <module>
    import roslaunch
  File "/usr/lib/python3/dist-packages/roslaunch/__init__.py", line 62, in <module>
    from .scriptapi import ROSLaunch
  File "/usr/lib/python3/dist-packages/roslaunch/scriptapi.py", line 42, in <module>
    import roslaunch.parent
  File "/usr/lib/python3/dist-packages/roslaunch/parent.py", line 54, in <module>
    import roslaunch.server
  File "/usr/lib/python3/dist-packages/roslaunch/server.py", line 79, in <module>
    from rosgraph_msgs.msg import Log